1.1

^C[damii@centos2 ~]$ docker run -d nginx
a9086a97eb99f80c4b80fe6bac261c5ffc19ce7ca4e6963f33b704eaea5fcf32
[damii@centos2 ~]$ docker run -d nginx
b8e4d25295fb8d7ae660e88d2348f3607c4eb075c0de2908a228d92435d5d851
[damii@centos2 ~]$
[damii@centos2 ~]$ docker run -d nginx
ce56c540395412401fcf4f8711ddd044c9f005b1c97975759a47a4649732395e

[damii@centos2 ~]$ docker ps
CONTAINER ID        IMAGE               COMMAND                  CREATED              STATUS              PORTS               NAMES
ce56c5403954        nginx               "nginx -g 'daemon ..."   About a minute ago   Up About a minute   80/tcp              elegant_bohr
b8e4d25295fb        nginx               "nginx -g 'daemon ..."   About a minute ago   Up About a minute   80/tcp              gallant_curie
a9086a97eb99        nginx               "nginx -g 'daemon ..."   About a minute ago   Up About a minute   80/tcp              flamboyant_volhard
[damii@centos2 ~]$
[damii@centos2 ~]$ docker stop ce
ce
[damii@centos2 ~]$ docker stop b8
b8
[damii@centos2 ~]$ docker ps -a
CONTAINER ID        IMAGE                               COMMAND                  CREATED             STATUS                          PORTS               NAMES
ce56c5403954        nginx                               "nginx -g 'daemon ..."   2 minutes ago       Exited (0) About a minute ago                       elegant_bohr
b8e4d25295fb        nginx                               "nginx -g 'daemon ..."   3 minutes ago       Exited (0) 59 seconds ago                           gallant_curie
a9086a97eb99        nginx                               "nginx -g 'daemon ..."   3 minutes ago       Up 3 minutes                    80/tcp              flamboyant_volhard
3d578d6d58bb        nginx                               "nginx -g 'daemon ..."   3 minutes ago       Exited (0) 3 minutes ago                            inspiring_sammet
312db04cba29        nginx                               "-d"                     3 minutes ago       Created                                             elegant_colden
95965409b1b4        nginx                               "nginx -g 'daemon ..."   3 minutes ago       Exited (0) 3 minutes ago                            focused_darwin
e28a6958a739        devopsdockeruh/exec_bash_exercise   "node index"             11 minutes ago      Exited (0) 10 minutes ago                           fervent_bose
5cf5901ac15c        devopsdockeruh/pull_exercise        "node index.js"          19 minutes ago      Exited (0) 16 minutes ago                           wizardly_lalande


1.2

[damii@centos2 ~]$ docker ps -a
CONTAINER ID        IMAGE               COMMAND                  CREATED             STATUS                     PORTS               NAMES
3d578d6d58bb        nginx               "nginx -g 'daemon ..."   6 minutes ago       Exited (0) 6 minutes ago                       inspiring_sammet
312db04cba29        nginx               "-d"                     7 minutes ago       Created                                        elegant_colden
95965409b1b4        nginx               "nginx -g 'daemon ..."   7 minutes ago       Exited (0) 7 minutes ago                       focused_darwin
[damii@centos2 ~]$ docker rm 3d578d6d58bb
3d578d6d58bb
[damii@centos2 ~]$ docker rm 312db04cba29
312db04cba29
[damii@centos2 ~]$ docker rm 95965409b1b4
95965409b1b4
[damii@centos2 ~]$ docker ps -a
CONTAINER ID        IMAGE               COMMAND             CREATED             STATUS              PORTS               NAMES
[damii@centos2 ~]$

[damii@centos2 ~]$ docker rmi 27a188018e18 d9854bc0e13a 489b6d8f2ab8
Untagged: docker.io/nginx:latest
Untagged: docker.io/nginx@sha256:e71b1bf4281f25533cf15e6e5f9be4dac74d2328152edf7ecde23abc54e16c1c
Deleted: sha256:27a188018e1847b312022b02146bb7ac3da54e96fab838b7db9f102c8c3dd778
Deleted: sha256:261d1996088c57b71d8ea9412f719bcbb8f4cb68a6e463d30abb85cc5fc5724b
Deleted: sha256:e6fbd1f039a7391ab57afeb1b11a73781bcbd6ae8041d98c5988b90c46ce5726
Deleted: sha256:5dacd731af1b0386ead06c8b1feff9f65d9e0bdfec032d2cd0bc03690698feda
Untagged: docker.io/devopsdockeruh/pull_exercise:latest
Untagged: docker.io/devopsdockeruh/pull_exercise@sha256:7c0635934049afb9ca0481fb6a58b16100f990a0d62c8665b9cfb5c9ada8a99f
Deleted: sha256:d9854bc0e13aaabc70a5679288679f20724e46548ad6b2cbec2b548b11fa62a4
Deleted: sha256:9d31714265bba48c1175ebb3c7b7adfd06b23995235cc5108c553906c2aa4836
Deleted: sha256:24a129b0909c6e4e6117436e17fc843ad81bface99920442706a1fb926467e66
Deleted: sha256:32cfa188a6edfd3683719c9abe07ebf951b1a2614869b2c3fd9760f23ea29cff
Deleted: sha256:c51fb877bccd38bfa92b5efcde3d6252a8a5b7ac292e5fa058daf15a78d4fc3f
Deleted: sha256:bcf2f368fe234217249e00ad9d762d8f1a3156d60c442ed92079fa5b120634a1
Untagged: docker.io/devopsdockeruh/exec_bash_exercise:latest
Untagged: docker.io/devopsdockeruh/exec_bash_exercise@sha256:c463832132d1fb0b8b3b60348a6fc36fda7512a4ef2d1050e8bea7b6a6d7a2f3
Deleted: sha256:489b6d8f2ab81ec84032c0e16deeded4862006b787353c740f1a4659f1b28a09
Deleted: sha256:2183b84cef51c03f45122ea74e50c6a1f7f75805faa37ed02486c0543540ff52
Deleted: sha256:7a1172cde2c65d940db89566d27cef602386c13eeb301aa074840ab392d2208f
Deleted: sha256:83da39057870ebfa6f036b386e7d2c103c093ffeb398dc314900d92905715baa
Deleted: sha256:08d50bbe2f6ceaf74b9c10a510ab2308ee6e6355e898c69c17d4331d4388106a
Deleted: sha256:c813ddc496920ebe32b6966614b95a8c4a51db9037a141765bbdd75f36f79156
Deleted: sha256:6fbd9662db012d50f620a1444c898914c09b7377285a35d7ac6e2b1d0db85a8f
Deleted: sha256:39496f7d4f99c499b3c87643953d7b5243cc8a05ed9aad9cf1f404633cf4f8ea
Deleted: sha256:ac00eef3f557ea71d47b65f3112c0c3b6ae7113153b7205a94bedc496103a6c8
Deleted: sha256:8f0ebc672b43403012c586feeac72ec83ce8347faab22a2826b952968aefc3d6
Deleted: sha256:13d5529fd232cacdd8cd561148560e0bf5d65dbc1149faf0c68240985607c303
[damii@centos2 ~]$ docker images
REPOSITORY          TAG                 IMAGE ID            CREATED             SIZE
[damii@centos2 ~]$


1.3
Give me the password: basics
You found the correct password. Secret message is:
"This is the secret message"

1.4
[damii@centos2 ~]$ docker run -d --name ex1.4 devopsdockeruh/exec_bash_exercise
10e713fc66f8d70d1e71a011fc02146ad0118d3d5126ee10380912c5b381a56f
[damii@centos2 ~]$ docker exec -it ex1.4 bash
root@10e713fc66f8:/usr/app# tail -f ./logs.txt
Mon, 06 May 2019 13:23:35 GMT
Mon, 06 May 2019 13:23:38 GMT
Mon, 06 May 2019 13:23:41 GMT
Mon, 06 May 2019 13:23:44 GMT
Secret message is:
"Docker is easy"
Mon, 06 May 2019 13:23:50 GMT
Mon, 06 May 2019 13:23:53 GMT
Mon, 06 May 2019 13:23:56 GMT
Mon, 06 May 2019 13:23:59 GMT
Secret message is:
"Docker is easy"
^C
root@10e713fc66f8:/usr/app#

1.5 (This is not very well explained in the material imho)
[damii@centos2 ~]$ docker run --rm -it --name looper-it ubuntu:16.04 sh -c 'echo "Input website:"; read website; echo "Searching.."; sleep 1; curl http://$website;'
Input website:
helsinki.fi
Searching..
sh: 1: curl: not found
[damii@centos2 ~]$

